Archive member included because of file (symbol)

d:/freescale/kds_3.0.0/toolchain/bin/../lib/gcc/arm-none-eabi/4.8.4/armv6-m\libgcc.a(_udivsi3.o)
                              ./07_Soft_Component/printf/printf.o (__aeabi_uidiv)
d:/freescale/kds_3.0.0/toolchain/bin/../lib/gcc/arm-none-eabi/4.8.4/armv6-m\libgcc.a(_divsi3.o)
                              ./07_Soft_Component/printf/printf.o (__aeabi_idiv)
d:/freescale/kds_3.0.0/toolchain/bin/../lib/gcc/arm-none-eabi/4.8.4/armv6-m\libgcc.a(_dvmd_tls.o)
                              d:/freescale/kds_3.0.0/toolchain/bin/../lib/gcc/arm-none-eabi/4.8.4/armv6-m\libgcc.a(_udivsi3.o) (__aeabi_idiv0)
d:/freescale/kds_3.0.0/toolchain/bin/../lib/gcc/arm-none-eabi/4.8.4/armv6-m\libgcc.a(_arm_cmpdf2.o)
                              ./07_Soft_Component/printf/printf.o (__aeabi_dcmplt)
d:/freescale/kds_3.0.0/toolchain/bin/../lib/gcc/arm-none-eabi/4.8.4/armv6-m\libgcc.a(_arm_cmpsf2.o)
                              ./05_Driver/tpm/tpm.o (__aeabi_fcmpgt)
d:/freescale/kds_3.0.0/toolchain/bin/../lib/gcc/arm-none-eabi/4.8.4/armv6-m\libgcc.a(_aeabi_uldivmod.o)
                              ./07_Soft_Component/printf/printf.o (__aeabi_uldivmod)
d:/freescale/kds_3.0.0/toolchain/bin/../lib/gcc/arm-none-eabi/4.8.4/armv6-m\libgcc.a(_fixunssfsi.o)
                              ./05_Driver/tpm/tpm.o (__aeabi_f2uiz)
d:/freescale/kds_3.0.0/toolchain/bin/../lib/gcc/arm-none-eabi/4.8.4/armv6-m\libgcc.a(_fixunsdfsi.o)
                              ./07_Soft_Component/printf/printf.o (__aeabi_d2uiz)
d:/freescale/kds_3.0.0/toolchain/bin/../lib/gcc/arm-none-eabi/4.8.4/armv6-m\libgcc.a(_fixunsdfdi.o)
                              ./07_Soft_Component/printf/printf.o (__aeabi_d2ulz)
d:/freescale/kds_3.0.0/toolchain/bin/../lib/gcc/arm-none-eabi/4.8.4/armv6-m\libgcc.a(bpabi.o)
                              d:/freescale/kds_3.0.0/toolchain/bin/../lib/gcc/arm-none-eabi/4.8.4/armv6-m\libgcc.a(_aeabi_uldivmod.o) (__gnu_uldivmod_helper)
d:/freescale/kds_3.0.0/toolchain/bin/../lib/gcc/arm-none-eabi/4.8.4/armv6-m\libgcc.a(divsf3.o)
                              ./05_Driver/tpm/tpm.o (__aeabi_fdiv)
d:/freescale/kds_3.0.0/toolchain/bin/../lib/gcc/arm-none-eabi/4.8.4/armv6-m\libgcc.a(eqsf2.o)
                              d:/freescale/kds_3.0.0/toolchain/bin/../lib/gcc/arm-none-eabi/4.8.4/armv6-m\libgcc.a(_arm_cmpsf2.o) (__eqsf2)
d:/freescale/kds_3.0.0/toolchain/bin/../lib/gcc/arm-none-eabi/4.8.4/armv6-m\libgcc.a(gesf2.o)
                              d:/freescale/kds_3.0.0/toolchain/bin/../lib/gcc/arm-none-eabi/4.8.4/armv6-m\libgcc.a(_arm_cmpsf2.o) (__gesf2)
d:/freescale/kds_3.0.0/toolchain/bin/../lib/gcc/arm-none-eabi/4.8.4/armv6-m\libgcc.a(lesf2.o)
                              d:/freescale/kds_3.0.0/toolchain/bin/../lib/gcc/arm-none-eabi/4.8.4/armv6-m\libgcc.a(_arm_cmpsf2.o) (__lesf2)
d:/freescale/kds_3.0.0/toolchain/bin/../lib/gcc/arm-none-eabi/4.8.4/armv6-m\libgcc.a(mulsf3.o)
                              ./05_Driver/tpm/tpm.o (__aeabi_fmul)
d:/freescale/kds_3.0.0/toolchain/bin/../lib/gcc/arm-none-eabi/4.8.4/armv6-m\libgcc.a(subsf3.o)
                              d:/freescale/kds_3.0.0/toolchain/bin/../lib/gcc/arm-none-eabi/4.8.4/armv6-m\libgcc.a(_fixunssfsi.o) (__aeabi_fsub)
d:/freescale/kds_3.0.0/toolchain/bin/../lib/gcc/arm-none-eabi/4.8.4/armv6-m\libgcc.a(fixsfsi.o)
                              d:/freescale/kds_3.0.0/toolchain/bin/../lib/gcc/arm-none-eabi/4.8.4/armv6-m\libgcc.a(_fixunssfsi.o) (__aeabi_f2iz)
d:/freescale/kds_3.0.0/toolchain/bin/../lib/gcc/arm-none-eabi/4.8.4/armv6-m\libgcc.a(floatunsisf.o)
                              ./05_Driver/tpm/tpm.o (__aeabi_ui2f)
d:/freescale/kds_3.0.0/toolchain/bin/../lib/gcc/arm-none-eabi/4.8.4/armv6-m\libgcc.a(eqdf2.o)
                              d:/freescale/kds_3.0.0/toolchain/bin/../lib/gcc/arm-none-eabi/4.8.4/armv6-m\libgcc.a(_arm_cmpdf2.o) (__eqdf2)
d:/freescale/kds_3.0.0/toolchain/bin/../lib/gcc/arm-none-eabi/4.8.4/armv6-m\libgcc.a(gedf2.o)
                              d:/freescale/kds_3.0.0/toolchain/bin/../lib/gcc/arm-none-eabi/4.8.4/armv6-m\libgcc.a(_arm_cmpdf2.o) (__gedf2)
d:/freescale/kds_3.0.0/toolchain/bin/../lib/gcc/arm-none-eabi/4.8.4/armv6-m\libgcc.a(ledf2.o)
                              d:/freescale/kds_3.0.0/toolchain/bin/../lib/gcc/arm-none-eabi/4.8.4/armv6-m\libgcc.a(_arm_cmpdf2.o) (__ledf2)
d:/freescale/kds_3.0.0/toolchain/bin/../lib/gcc/arm-none-eabi/4.8.4/armv6-m\libgcc.a(muldf3.o)
                              ./07_Soft_Component/printf/printf.o (__aeabi_dmul)
d:/freescale/kds_3.0.0/toolchain/bin/../lib/gcc/arm-none-eabi/4.8.4/armv6-m\libgcc.a(subdf3.o)
                              ./07_Soft_Component/printf/printf.o (__aeabi_dsub)
d:/freescale/kds_3.0.0/toolchain/bin/../lib/gcc/arm-none-eabi/4.8.4/armv6-m\libgcc.a(fixdfsi.o)
                              d:/freescale/kds_3.0.0/toolchain/bin/../lib/gcc/arm-none-eabi/4.8.4/armv6-m\libgcc.a(_fixunsdfsi.o) (__aeabi_d2iz)
[...]
Memory Configuration

Name             Origin             Length             Attributes
m_interrupts     0x00000000         0x00000100         xr
m_flash_config   0x00000400         0x00000010         xr
//m_text         0x00000410         0x0001fbf0         xr
m_text           0x00000800         0x0001f7ff         xr
m_data           0x1ffff000         0x00004000         rw
*default*        0x00000000         0xffffffff

Linker script and memory map

LOAD ./08_Source/isr.o
LOAD ./08_Source/main.o
LOAD ./07_Soft_Component/printf/printf.o
LOAD ./07_Soft_Component/gprs/gprs.o
LOAD ./06_App_Component/light/light.o
LOAD ./06_App_Component/delay/delay.o
LOAD ./06_App_Component/OLED/OLED.o
LOAD ./06_App_Component/DS18B20/DS18B20.o
LOAD ./05_Driver/uart/uart.o
LOAD ./05_Driver/tpm/tpm.o
LOAD ./05_Driver/gpio/gpio.o
LOAD ./03_MCU/startup_MKL25Z4.o
LOAD ./03_MCU/system_MKL25Z4.o
LOAD d:/freescale/kds_3.0.0/toolchain/bin/../lib/gcc/arm-none-eabi/4.8.4/armv6-m\libgcc.a
LOAD d:/freescale/kds_3.0.0/toolchain/bin/../lib/gcc/arm-none-eabi/4.8.4/../../../../arm-none-eabi/lib/armv6-m\libstdc++.a
LOAD d:/freescale/kds_3.0.0/toolchain/bin/../lib/gcc/arm-none-eabi/4.8.4/../../../../arm-none-eabi/lib/armv6-m\libm.a
START GROUP
LOAD d:/freescale/kds_3.0.0/toolchain/bin/../lib/gcc/arm-none-eabi/4.8.4/armv6-m\libgcc.a
LOAD d:/freescale/kds_3.0.0/toolchain/bin/../lib/gcc/arm-none-eabi/4.8.4/../../../../arm-none-eabi/lib/armv6-m\libg.a
LOAD d:/freescale/kds_3.0.0/toolchain/bin/../lib/gcc/arm-none-eabi/4.8.4/../../../../arm-none-eabi/lib/armv6-m\libc.a
END GROUP
                0x00000400                HEAP_SIZE = DEFINED (__heap_size__)?__heap_size__:0x400
                0x00000400                STACK_SIZE = DEFINED (__stack_size__)?__stack_size__:0x400

.interrupts     0x00000000       0xc0
                0x00000000                __VECTOR_TABLE = .
                0x00000000                . = ALIGN (0x4)
 *(.isr_vector)
 .isr_vector    0x00000000       0xc0 ./03_MCU/startup_MKL25Z4.o
                0x00000000                __isr_vector
                0x000000c0                . = ALIGN (0x4)

.flash_config   0x00000400       0x10
                0x00000400                . = ALIGN (0x4)
 *(.FlashConfig)
 .FlashConfig   0x00000400       0x10 ./03_MCU/startup_MKL25Z4.o
                0x00000410                . = ALIGN (0x4)

.text           0x00000800     0x3514
                0x00000800                . = ALIGN (0x4)
 *(.text)
 .text          0x00000800       0x4c ./03_MCU/startup_MKL25Z4.o
                0x00000800                Reset_Handler
                0x00000844                HardFault_Handler
                0x00000844                SysTick_Handler
                0x00000844                PendSV_Handler
                0x00000844                NMI_Handler
                0x00000844                I2C1_IRQHandler
                0x00000844                DMA2_IRQHandler
                0x00000844                TPM0_IRQHandler
                0x00000844                LLWU_IRQHandler
                0x00000844                TSI0_IRQHandler
                0x00000844                ADC0_IRQHandler
                0x00000844                Reserved39_IRQHandler
                0x00000844                SPI1_IRQHandler
                0x00000844                DefaultISR
                0x00000844                PORTD_IRQHandler
                0x00000844                TPM2_IRQHandler
                0x00000844                RTC_IRQHandler
                0x00000844                I2C0_IRQHandler
                0x00000844                RTC_Seconds_IRQHandler
                0x00000844                MCG_IRQHandler
                0x00000844                Reserved20_IRQHandler
                0x00000844                USB0_IRQHandler
                0x00000844                PIT_IRQHandler
                0x00000844                SVC_Handler
                0x00000844                DMA3_IRQHandler
                0x00000844                DMA0_IRQHandler
                0x00000844                DAC0_IRQHandler
                0x00000844                Reserved45_IRQHandler
                0x00000844                LVD_LVW_IRQHandler
                0x00000844                SPI0_IRQHandler
                0x00000844                PORTA_IRQHandler
                0x00000844                FTFA_IRQHandler
                0x00000844                LPTMR0_IRQHandler
                0x00000844                CMP0_IRQHandler
                0x00000844                DMA1_IRQHandler
 .text          0x0000084c       0x9c d:/freescale/kds_3.0.0/toolchain/bin/../lib/gcc/arm-none-eabi/4.8.4/armv6-m\libgcc.a(_udivsi3.o)
                0x0000084c                __aeabi_uidiv
                0x0000084c                __udivsi3
                0x000008d4                __aeabi_uidivmod
 .text          0x000008e8        0x4 d:/freescale/kds_3.0.0/toolchain/bin/../lib/gcc/arm-none-eabi/4.8.4/armv6-m\libgcc.a(_dvmd_tls.o)
                0x000008e8                __aeabi_idiv0
                0x000008e8                __aeabi_ldiv0
 .text          0x000008ec       0x74 d:/freescale/kds_3.0.0/toolchain/bin/../lib/gcc/arm-none-eabi/4.8.4/armv6-m\libgcc.a(_arm_cmpsf2.o)
                0x000008ec                __aeabi_cfrcmple
                0x000008f4                __aeabi_cfcmpeq
                0x000008f4                __aeabi_cfcmple
                0x00000904                __aeabi_fcmpeq
                0x00000910                __aeabi_fcmplt
                0x00000924                __aeabi_fcmple
                0x00000938                __aeabi_fcmpgt
                0x0000094c                __aeabi_fcmpge
 .text          0x00000960       0x30 d:/freescale/kds_3.0.0/toolchain/bin/../lib/gcc/arm-none-eabi/4.8.4/armv6-m\libgcc.a(_fixunssfsi.o)
                0x00000960                __fixunssfsi
                0x00000960                __aeabi_f2uiz
 .text          0x00000990       0x54 d:/freescale/kds_3.0.0/toolchain/bin/../lib/gcc/arm-none-eabi/4.8.4/armv6-m\libgcc.a(eqsf2.o)
                0x00000990                __eqsf2
                0x00000990                __nesf2
 .text          0x000009e4       0x90 d:/freescale/kds_3.0.0/toolchain/bin/../lib/gcc/arm-none-eabi/4.8.4/armv6-m\libgcc.a(gesf2.o)
                0x000009e4                __gesf2
                0x000009e4                __gtsf2
 .text          0x00000a74       0x98 d:/freescale/kds_3.0.0/toolchain/bin/../lib/gcc/arm-none-eabi/4.8.4/armv6-m\libgcc.a(lesf2.o)
                0x00000a74                __ltsf2
                0x00000a74                __lesf2
 .text          0x00000b0c      0x254 d:/freescale/kds_3.0.0/toolchain/bin/../lib/gcc/arm-none-eabi/4.8.4/armv6-m\libgcc.a(mulsf3.o)
                0x00000b0c                __aeabi_fmul
 .text          0x00000d60      0x2ec d:/freescale/kds_3.0.0/toolchain/bin/../lib/gcc/arm-none-eabi/4.8.4/armv6-m\libgcc.a(subsf3.o)
                0x00000d60                __aeabi_fsub
 .text          0x0000104c       0x40 d:/freescale/kds_3.0.0/toolchain/bin/../lib/gcc/arm-none-eabi/4.8.4/armv6-m\libgcc.a(fixsfsi.o)
                0x0000104c                __aeabi_f2iz
 .text          0x0000108c       0xa0 d:/freescale/kds_3.0.0/toolchain/bin/../lib/gcc/arm-none-eabi/4.8.4/armv6-m\libgcc.a(floatunsisf.o)
                0x0000108c                __aeabi_ui2f
 .text          0x0000112c       0x3c d:/freescale/kds_3.0.0/toolchain/bin/../lib/gcc/arm-none-eabi/4.8.4/armv6-m\libgcc.a(_clzsi2.o)
                0x0000112c                __clzsi2
 *(.text*)
 .text.UART0_IRQHandler
                0x00001168       0x40 ./08_Source/isr.o
                0x00001168                UART0_IRQHandler
 .text.UART1_IRQHandler
                0x000011a8       0x40 ./08_Source/isr.o
                0x000011a8                UART1_IRQHandler
 .text.UART2_IRQHandler
                0x000011e8       0xb0 ./08_Source/isr.o
                0x000011e8                UART2_IRQHandler
 .text.TPM1_IRQHandler
                0x00001298       0x4c ./08_Source/isr.o
                0x00001298                TPM1_IRQHandler
 .text.main     0x000012e4      0x1a0 ./08_Source/main.o
                0x000012e4                main
 .text.Read_Temperature
                0x00001484       0x9c ./08_Source/main.o
                0x00001484                Read_Temperature
 .text.Send_Message
                0x00001520       0x40 ./08_Source/main.o
                0x00001520                Send_Message
 .text.Collection_time
                0x00001560       0x4c ./08_Source/main.o
                0x00001560                Collection_time
 .text.Crc_8    0x000015ac       0x7c ./08_Source/main.o
                0x000015ac                Crc_8
 .text.Android_Control
                0x00001628       0xac ./08_Source/main.o
                0x00001628                Android_Control
 .text.Send_AT_Command
                0x000016d4       0x98 ./07_Soft_Component/gprs/gprs.o
                0x000016d4                Send_AT_Command
 .text.judge_right
                0x0000176c       0x80 ./07_Soft_Component/gprs/gprs.o
                0x0000176c                judge_right
 .text.send_Command
                0x000017ec       0x48 ./07_Soft_Component/gprs/gprs.o
                0x000017ec                send_Command
 .text.GPRS_init
                0x00001834       0x6c ./07_Soft_Component/gprs/gprs.o
                0x00001834                GPRS_init
 .text.GPRS_Judg_Conn
                0x000018a0       0xec ./07_Soft_Component/gprs/gprs.o
                0x000018a0                GPRS_Judg_Conn
 .text.GPRS_Send_Data
                0x0000198c       0x64 ./07_Soft_Component/gprs/gprs.o
                0x0000198c                GPRS_Send_Data
 .text.GPRS_Config
                0x000019f0       0x94 ./07_Soft_Component/gprs/gprs.o
                0x000019f0                GPRS_Config
 .text.light_init
                0x00001a84       0x2c ./06_App_Component/light/light.o
                0x00001a84                light_init
 .text.light_control
                0x00001ab0       0x28 ./06_App_Component/light/light.o
                0x00001ab0                light_control
 .text.light_change
                0x00001ad8       0x1c ./06_App_Component/light/light.o
                0x00001ad8                light_change
 .text.delay_us
                0x00001af4       0x24 ./06_App_Component/delay/delay.o
                0x00001af4                delay_us
 .text.delay_ms
                0x00001b18       0x4c ./06_App_Component/delay/delay.o
                0x00001b18                delay_ms
 .text.delayms  0x00001b64       0x28 ./06_App_Component/delay/delay.o
                0x00001b64                delayms
 .text.DelayS   0x00001b8c       0x48 ./06_App_Component/delay/delay.o
                0x00001b8c                DelayS
 .text.OLED_WrCmd
                0x00001bd4       0x8c ./06_App_Component/OLED/OLED.o
                0x00001bd4                OLED_WrCmd
 .text.OLED_Set_Pos
                0x00001c60       0x54 ./06_App_Component/OLED/OLED.o
                0x00001c60                OLED_Set_Pos
 .text.OLED_DLY_ms
                0x00001cb4       0x48 ./06_App_Component/OLED/OLED.o
                0x00001cb4                OLED_DLY_ms
 .text.OLED_WrDat
                0x00001cfc       0x8c ./06_App_Component/OLED/OLED.o
                0x00001cfc                OLED_WrDat
 .text.OLED_Fill
                0x00001d88       0x80 ./06_App_Component/OLED/OLED.o
                0x00001d88                OLED_Fill
 .text.OLED_Init
                0x00001e08      0x178 ./06_App_Component/OLED/OLED.o
                0x00001e08                OLED_Init
 .text.OLED_P6x8Str
                0x00001f80       0xe0 ./06_App_Component/OLED/OLED.o
                0x00001f80                OLED_P6x8Str
 .text.OLED_P8x16Str
                0x00002060      0x12c ./06_App_Component/OLED/OLED.o
                0x00002060                OLED_P8x16Str
 .text.OLED_HEXACSII
                0x0000218c       0x84 ./06_App_Component/OLED/OLED.o
                0x0000218c                OLED_HEXACSII
 .text.OLED_Print_Num
                0x00002210       0x60 ./06_App_Component/OLED/OLED.o
                0x00002210                OLED_Print_Num
 .text.ds18b20_Init
                0x00002270       0x2c ./06_App_Component/DS18B20/DS18B20.o
                0x00002270                ds18b20_Init
 .text.ds18b20_Reset
                0x0000229c       0x6c ./06_App_Component/DS18B20/DS18B20.o
                0x0000229c                ds18b20_Reset
 .text.ds18b20_Write
                0x00002308       0x98 ./06_App_Component/DS18B20/DS18B20.o
                0x00002308                ds18b20_Write
 .text.ds18b20_ReadByte
                0x000023a0       0x9c ./06_App_Component/DS18B20/DS18B20.o
                0x000023a0                ds18b20_ReadByte
 .text.ds18b20_Judge
                0x0000243c       0x24 ./06_App_Component/DS18B20/DS18B20.o
                0x0000243c                ds18b20_Judge
 .text.ds18b20_Read
                0x00002460       0xc4 ./06_App_Component/DS18B20/DS18B20.o
                0x00002460                ds18b20_Read
 .text.NVIC_EnableIRQ
                0x00002524       0x2c ./05_Driver/uart/uart.o
 .text.uart_init
                0x00002550      0x29c ./05_Driver/uart/uart.o
                0x00002550                uart_init
 .text.uart_send1
                0x000027ec       0xa8 ./05_Driver/uart/uart.o
                0x000027ec                uart_send1
 .text.uart_sendN
                0x00002894       0x8c ./05_Driver/uart/uart.o
                0x00002894                uart_sendN
 .text.uart_send_string
                0x00002920       0x84 ./05_Driver/uart/uart.o
                0x00002920                uart_send_string
 .text.uart_re1
                0x000029a4       0xc8 ./05_Driver/uart/uart.o
                0x000029a4                uart_re1
 .text.uart_enable_re_int
                0x00002a6c       0x7c ./05_Driver/uart/uart.o
                0x00002a6c                uart_enable_re_int
 .text.uart_get_re_int
                0x00002ae8       0xe8 ./05_Driver/uart/uart.o
                0x00002ae8                uart_get_re_int
 .text.uart_is_uartNo
                0x00002bd0       0x24 ./05_Driver/uart/uart.o
                0x00002bd0                uart_is_uartNo
 .text.NVIC_EnableIRQ
                0x00002bf4       0x2c ./05_Driver/tpm/tpm.o
 .text.tpm_timer_init
                0x00002c20       0xf0 ./05_Driver/tpm/tpm.o
                0x00002c20                tpm_timer_init
 .text.tpm_enable_int
                0x00002d10       0x34 ./05_Driver/tpm/tpm.o
                0x00002d10                tpm_enable_int
 .text.tpm_get_int
                0x00002d44       0x30 ./05_Driver/tpm/tpm.o
                0x00002d44                tpm_get_int
 .text.tpm_clear_int
                0x00002d74       0x34 ./05_Driver/tpm/tpm.o
                0x00002d74                tpm_clear_int
 .text.gpio_init
                0x00002da8       0xe8 ./05_Driver/gpio/gpio.o
                0x00002da8                gpio_init
 .text.gpio_set
                0x00002e90       0x80 ./05_Driver/gpio/gpio.o
                0x00002e90                gpio_set
 .text.gpio_reverse
                0x00002f10       0x54 ./05_Driver/gpio/gpio.o
                0x00002f10                gpio_reverse
 .text.gpio_pull
                0x00002f64      0x11c ./05_Driver/gpio/gpio.o
                0x00002f64                gpio_pull
 .text.gpio_get_port_pin
                0x00003080       0x34 ./05_Driver/gpio/gpio.o
                0x00003080                gpio_get_port_pin
 .text.SystemInit
                0x000030b4      0x1a0 ./03_MCU/system_MKL25Z4.o
                0x000030b4                SystemInit
 .text.memcpy   0x00003254       0x84 d:/freescale/kds_3.0.0/toolchain/bin/../lib/gcc/arm-none-eabi/4.8.4/../../../../arm-none-eabi/lib/armv6-m\libg.a(lib_a-memcpy-stub.o)
                0x00003254                memcpy
 .text.strlen   0x000032d8       0x10 d:/freescale/kds_3.0.0/toolchain/bin/../lib/gcc/arm-none-eabi/4.8.4/../../../../arm-none-eabi/lib/armv6-m\libg.a(lib_a-strlen.o)
                0x000032d8                strlen
 .text.strncmp  0x000032e8       0xb8 d:/freescale/kds_3.0.0/toolchain/bin/../lib/gcc/arm-none-eabi/4.8.4/../../../../arm-none-eabi/lib/armv6-m\libg.a(lib_a-strncmp.o)
                0x000032e8                strncmp
 *(.rodata)
 .rodata        0x000033a0       0x50 ./08_Source/main.o
 .rodata        0x000033f0       0x9c ./07_Soft_Component/gprs/gprs.o
 .rodata        0x0000348c       0x40 d:/freescale/kds_3.0.0/toolchain/bin/../lib/gcc/arm-none-eabi/4.8.4/armv6-m\libgcc.a(mulsf3.o)
 *(.rodata*)
 .rodata.F6x8   0x000034cc      0x228 ./06_App_Component/OLED/OLED.o
                0x000034cc                F6x8
 .rodata.F8X16  0x000036f4      0x5f0 ./06_App_Component/OLED/OLED.o
                0x000036f4                F8X16
 .rodata.UART_ARR
                0x00003ce4        0x8 ./05_Driver/uart/uart.o
 .rodata.PORT_ARR
                0x00003cec       0x14 ./05_Driver/gpio/gpio.o
                0x00003cec                PORT_ARR
 .rodata.GPIO_ARR
                0x00003d00       0x14 ./05_Driver/gpio/gpio.o
                0x00003d00                GPIO_ARR
 *(.glue_7)
 .glue_7        0x00000000        0x0 linker stubs
 *(.glue_7t)
 .glue_7t       0x00000000        0x0 linker stubs
 *(.eh_frame)
 *(.init)
 *(.fini)
                0x00003d14                . = ALIGN (0x4)

.vfp11_veneer   0x00003d14        0x0
 .vfp11_veneer  0x00000000        0x0 linker stubs

.v4_bx          0x00003d14        0x0
 .v4_bx         0x00000000        0x0 linker stubs

.iplt           0x00003d14        0x0
 .iplt          0x00000000        0x0 ./08_Source/isr.o

.rel.dyn        0x00003d14        0x0
 .rel.iplt      0x00000000        0x0 ./08_Source/isr.o

.ARM.extab
 *(.ARM.extab* .gnu.linkonce.armextab.*)

.ARM            0x00003d14        0x0
                0x00003d14                __exidx_start = .
 *(.ARM.exidx*)
                0x00003d14                __exidx_end = .

.ctors          0x00003d14        0x0
                0x00003d14                __CTOR_LIST__ = .
 *crtbegin.o(.ctors)
 *crtbegin?.o(.ctors)
 *(EXCLUDE_FILE(*crtend.o *crtend?.o) .ctors)
 *(SORT(.ctors.*))
 *(.ctors)
                0x00003d14                __CTOR_END__ = .

.dtors          0x00003d14        0x0
                0x00003d14                __DTOR_LIST__ = .
 *crtbegin.o(.dtors)
 *crtbegin?.o(.dtors)
 *(EXCLUDE_FILE(*crtend.o *crtend?.o) .dtors)
 *(SORT(.dtors.*))
 *(.dtors)
                0x00003d14                __DTOR_END__ = .

.preinit_array  0x00003d14        0x0
                0x00003d14                PROVIDE (__preinit_array_start, .)
 *(.preinit_array*)
                0x00003d14                PROVIDE (__preinit_array_end, .)

.init_array     0x00003d14        0x0
                0x00003d14                PROVIDE (__init_array_start, .)
 *(SORT(.init_array.*))
 *(.init_array*)
                0x00003d14                PROVIDE (__init_array_end, .)

.fini_array     0x00003d14        0x0
                0x00003d14                PROVIDE (__fini_array_start, .)
 *(SORT(.fini_array.*))
 *(.fini_array*)
                0x00003d14                PROVIDE (__fini_array_end, .)
                0x00003d14                __etext = .
                0x00003d14                __DATA_ROM = .

.mtb            0x1ffff000        0x0
                0x1ffff000                . = ALIGN (0x8)
                0x1ffff000                _mtb_start = .
 *(.mtb_buf)
                0x1ffff000                . = ALIGN (0x8)
                0x1ffff000                _mtb_end = .

.data           0x1ffff000       0x1c load address 0x00003d14
                0x1ffff000                . = ALIGN (0x4)
                0x1ffff000                __DATA_RAM = .
                0x1ffff000                __data_start__ = .
 *(.data)
 *(.data*)
 .data.Control_Coltime
                0x1ffff000        0x1 ./08_Source/main.o
                0x1ffff000                Control_Coltime
 *fill*         0x1ffff001        0x3 
 .data.table_irq_uart
                0x1ffff004        0x4 ./05_Driver/uart/uart.o
 .data.TPM_ARR  0x1ffff008        0xc ./05_Driver/tpm/tpm.o
                0x1ffff008                TPM_ARR
 .data.TPM_IRQ  0x1ffff014        0x4 ./05_Driver/tpm/tpm.o
                0x1ffff014                TPM_IRQ
 .data.SystemCoreClock
                0x1ffff018        0x4 ./03_MCU/system_MKL25Z4.o
                0x1ffff018                SystemCoreClock
 *(.jcr*)
                0x1ffff01c                . = ALIGN (0x4)
                0x1ffff01c                __data_end__ = .
                0x00003d30                __DATA_END = (__DATA_ROM + (__data_end__ - __data_start__))

.igot.plt       0x1ffff01c        0x0 load address 0x00003d30
 .igot.plt      0x00000000        0x0 ./08_Source/isr.o

.bss            0x1ffff01c       0x7c load address 0x00003d30
                0x1ffff01c                . = ALIGN (0x4)
                0x1ffff01c                __START_BSS = .
                0x1ffff01c                __bss_start__ = .
 *(.bss)
 *(.bss*)
 .bss.data_count.6069
                0x1ffff01c        0x1 ./08_Source/isr.o
 .bss.Received_count.6068
                0x1ffff01d        0x1 ./08_Source/isr.o
 .bss.red_state
                0x1ffff01e        0x1 ./08_Source/main.o
                0x1ffff01e                red_state
 *fill*         0x1ffff01f        0x1 
 .bss.temp_T    0x1ffff020        0x2 ./08_Source/main.o
                0x1ffff020                temp_T
 .bss.Temperature
                0x1ffff022        0x2 ./06_App_Component/DS18B20/DS18B20.o
                0x1ffff022                Temperature
 *(COMMON)
 COMMON         0x1ffff024       0x71 ./08_Source/isr.o
                0x1ffff024                gprs_count
                0x1ffff028                Date_Re
                0x1ffff02c                Data_Buf
                0x1ffff090                oled_count
                0x1ffff092                tpm_count
                0x1ffff094                Received_flag
                0x1ffff098                . = ALIGN (0x4)
 *fill*         0x1ffff095        0x3 
                0x1ffff098                __bss_end__ = .
                0x1ffff098                __END_BSS = .

.heap           0x1ffff098      0x400 load address 0x00003dac
                0x1ffff098                . = ALIGN (0x8)
                0x1ffff098                __end__ = .
                0x1ffff098                PROVIDE (end, .)
                0x1ffff098                __HeapBase = .
                0x1ffff498                . = (. + HEAP_SIZE)
 *fill*         0x1ffff098      0x400 
                0x1ffff498                __HeapLimit = .

.stack          0x1ffff498      0x400 load address 0x000041ac
                0x1ffff498                . = ALIGN (0x8)
                0x1ffff898                . = (. + STACK_SIZE)
 *fill*         0x1ffff498      0x400 
                0x20003000                __StackTop = (ORIGIN (m_data) + 0x4000)
                0x20002c00                __StackLimit = (__StackTop - STACK_SIZE)
                0x20003000                PROVIDE (__stack, __StackTop)

.ARM.attributes
                0x00000000       0x30
 *(.ARM.attributes)
 .ARM.attributes
                0x00000000       0x32 ./08_Source/isr.o
 .ARM.attributes
                0x00000032       0x32 ./08_Source/main.o
 .ARM.attributes
                0x00000064       0x32 ./07_Soft_Component/gprs/gprs.o
 .ARM.attributes
                0x00000096       0x32 ./06_App_Component/light/light.o
 .ARM.attributes
                0x000000c8       0x32 ./06_App_Component/delay/delay.o
 .ARM.attributes
                0x000000fa       0x32 ./06_App_Component/OLED/OLED.o
 .ARM.attributes
                0x0000012c       0x32 ./06_App_Component/DS18B20/DS18B20.o
 .ARM.attributes
                0x0000015e       0x32 ./05_Driver/uart/uart.o
 .ARM.attributes
                0x00000190       0x32 ./05_Driver/tpm/tpm.o
 .ARM.attributes
                0x000001c2       0x32 ./05_Driver/gpio/gpio.o
 .ARM.attributes
                0x000001f4       0x1b ./03_MCU/startup_MKL25Z4.o
 .ARM.attributes
                0x0000020f       0x32 ./03_MCU/system_MKL25Z4.o
 .ARM.attributes
                0x00000241       0x1e d:/freescale/kds_3.0.0/toolchain/bin/../lib/gcc/arm-none-eabi/4.8.4/armv6-m\libgcc.a(_udivsi3.o)
 .ARM.attributes
                0x0000025f       0x1e d:/freescale/kds_3.0.0/toolchain/bin/../lib/gcc/arm-none-eabi/4.8.4/armv6-m\libgcc.a(_dvmd_tls.o)
 .ARM.attributes
                0x0000027d       0x1e d:/freescale/kds_3.0.0/toolchain/bin/../lib/gcc/arm-none-eabi/4.8.4/armv6-m\libgcc.a(_arm_cmpsf2.o)
 .ARM.attributes
                0x0000029b       0x2c d:/freescale/kds_3.0.0/toolchain/bin/../lib/gcc/arm-none-eabi/4.8.4/armv6-m\libgcc.a(_fixunssfsi.o)
 .ARM.attributes
                0x000002c7       0x2c d:/freescale/kds_3.0.0/toolchain/bin/../lib/gcc/arm-none-eabi/4.8.4/armv6-m\libgcc.a(eqsf2.o)
 .ARM.attributes
                0x000002f3       0x2c d:/freescale/kds_3.0.0/toolchain/bin/../lib/gcc/arm-none-eabi/4.8.4/armv6-m\libgcc.a(gesf2.o)
 .ARM.attributes
                0x0000031f       0x2c d:/freescale/kds_3.0.0/toolchain/bin/../lib/gcc/arm-none-eabi/4.8.4/armv6-m\libgcc.a(lesf2.o)
 .ARM.attributes
                0x0000034b       0x2c d:/freescale/kds_3.0.0/toolchain/bin/../lib/gcc/arm-none-eabi/4.8.4/armv6-m\libgcc.a(mulsf3.o)
 .ARM.attributes
                0x00000377       0x2c d:/freescale/kds_3.0.0/toolchain/bin/../lib/gcc/arm-none-eabi/4.8.4/armv6-m\libgcc.a(subsf3.o)
 .ARM.attributes
                0x000003a3       0x2c d:/freescale/kds_3.0.0/toolchain/bin/../lib/gcc/arm-none-eabi/4.8.4/armv6-m\libgcc.a(fixsfsi.o)
 .ARM.attributes
                0x000003cf       0x2c d:/freescale/kds_3.0.0/toolchain/bin/../lib/gcc/arm-none-eabi/4.8.4/armv6-m\libgcc.a(floatunsisf.o)
 .ARM.attributes
                0x000003fb       0x1e d:/freescale/kds_3.0.0/toolchain/bin/../lib/gcc/arm-none-eabi/4.8.4/armv6-m\libgcc.a(_clzsi2.o)
 .ARM.attributes
                0x00000419       0x2c d:/freescale/kds_3.0.0/toolchain/bin/../lib/gcc/arm-none-eabi/4.8.4/../../../../arm-none-eabi/lib/armv6-m\libg.a(lib_a-memcpy-stub.o)
 .ARM.attributes
                0x00000445       0x2c d:/freescale/kds_3.0.0/toolchain/bin/../lib/gcc/arm-none-eabi/4.8.4/../../../../arm-none-eabi/lib/armv6-m\libg.a(lib_a-strlen.o)
 .ARM.attributes
                0x00000471       0x2c d:/freescale/kds_3.0.0/toolchain/bin/../lib/gcc/arm-none-eabi/4.8.4/../../../../arm-none-eabi/lib/armv6-m\libg.a(lib_a-strncmp.o)
                0x00000001                ASSERT ((__StackLimit >= __HeapLimit), region m_data overflowed with stack and heap)
OUTPUT(KL25_DS18_GPRS.elf elf32-littlearm)

.debug_info     0x00000000     0x379e
 .debug_info    0x00000000      0x26d ./08_Source/isr.o
 .debug_info    0x0000026d      0x324 ./08_Source/main.o
 .debug_info    0x00000591      0x4b4 ./07_Soft_Component/gprs/gprs.o
 .debug_info    0x00000a45      0x118 ./06_App_Component/light/light.o
 .debug_info    0x00000b5d      0x191 ./06_App_Component/delay/delay.o
 .debug_info    0x00000cee      0x59d ./06_App_Component/OLED/OLED.o
 .debug_info    0x0000128b      0x2e2 ./06_App_Component/DS18B20/DS18B20.o
 .debug_info    0x0000156d      0xa79 ./05_Driver/uart/uart.o
 .debug_info    0x00001fe6      0xb33 ./05_Driver/tpm/tpm.o
 .debug_info    0x00002b19      0x858 ./05_Driver/gpio/gpio.o
 .debug_info    0x00003371       0x65 ./03_MCU/startup_MKL25Z4.o
 .debug_info    0x000033d6      0x3c8 ./03_MCU/system_MKL25Z4.o

.debug_abbrev   0x00000000      0xeae
 .debug_abbrev  0x00000000       0xd2 ./08_Source/isr.o
 .debug_abbrev  0x000000d2      0x143 ./08_Source/main.o
 .debug_abbrev  0x00000215      0x172 ./07_Soft_Component/gprs/gprs.o
 .debug_abbrev  0x00000387       0x7b ./06_App_Component/light/light.o
 .debug_abbrev  0x00000402       0xd7 ./06_App_Component/delay/delay.o
 .debug_abbrev  0x000004d9      0x136 ./06_App_Component/OLED/OLED.o
 .debug_abbrev  0x0000060f      0x161 ./06_App_Component/DS18B20/DS18B20.o
 .debug_abbrev  0x00000770      0x217 ./05_Driver/uart/uart.o
 .debug_abbrev  0x00000987      0x22a ./05_Driver/tpm/tpm.o
 .debug_abbrev  0x00000bb1      0x1e9 ./05_Driver/gpio/gpio.o
 .debug_abbrev  0x00000d9a       0x14 ./03_MCU/startup_MKL25Z4.o
 .debug_abbrev  0x00000dae      0x100 ./03_MCU/system_MKL25Z4.o

.debug_aranges  0x00000000      0x410
 .debug_aranges
                0x00000000       0x38 ./08_Source/isr.o
 .debug_aranges
                0x00000038       0x48 ./08_Source/main.o
 .debug_aranges
                0x00000080       0x78 ./07_Soft_Component/gprs/gprs.o
 .debug_aranges
                0x000000f8       0x30 ./06_App_Component/light/light.o
 .debug_aranges
                0x00000128       0x40 ./06_App_Component/delay/delay.o
 .debug_aranges
                0x00000168       0x90 ./06_App_Component/OLED/OLED.o
 .debug_aranges
                0x000001f8       0x48 ./06_App_Component/DS18B20/DS18B20.o
 .debug_aranges
                0x00000240       0x78 ./05_Driver/uart/uart.o
 .debug_aranges
                0x000002b8       0x90 ./05_Driver/tpm/tpm.o
 .debug_aranges
                0x00000348       0x88 ./05_Driver/gpio/gpio.o
 .debug_aranges
                0x000003d0       0x20 ./03_MCU/startup_MKL25Z4.o
 .debug_aranges
                0x000003f0       0x20 ./03_MCU/system_MKL25Z4.o

.debug_ranges   0x00000000      0x340
 .debug_ranges  0x00000000       0x28 ./08_Source/isr.o
 .debug_ranges  0x00000028       0x38 ./08_Source/main.o
 .debug_ranges  0x00000060       0x68 ./07_Soft_Component/gprs/gprs.o
 .debug_ranges  0x000000c8       0x20 ./06_App_Component/light/light.o
 .debug_ranges  0x000000e8       0x30 ./06_App_Component/delay/delay.o
 .debug_ranges  0x00000118       0x80 ./06_App_Component/OLED/OLED.o
 .debug_ranges  0x00000198       0x38 ./06_App_Component/DS18B20/DS18B20.o
 .debug_ranges  0x000001d0       0x68 ./05_Driver/uart/uart.o
 .debug_ranges  0x00000238       0x80 ./05_Driver/tpm/tpm.o
 .debug_ranges  0x000002b8       0x78 ./05_Driver/gpio/gpio.o
 .debug_ranges  0x00000330       0x10 ./03_MCU/system_MKL25Z4.o

.debug_macro    0x00000000     0xaed0
 .debug_macro   0x00000000      0x203 ./08_Source/isr.o
 .debug_macro   0x00000203      0x7f6 ./08_Source/isr.o
 .debug_macro   0x000009f9       0x58 ./08_Source/isr.o
 .debug_macro   0x00000a51       0x16 ./08_Source/isr.o
 .debug_macro   0x00000a67       0x35 ./08_Source/isr.o
 .debug_macro   0x00000a9c       0xa2 ./08_Source/isr.o
 .debug_macro   0x00000b3e       0x16 ./08_Source/isr.o
 .debug_macro   0x00000b54       0x97 ./08_Source/isr.o
 .debug_macro   0x00000beb       0x10 ./08_Source/isr.o
 .debug_macro   0x00000bfb       0xef ./08_Source/isr.o
 .debug_macro   0x00000cea       0x4a ./08_Source/isr.o
 .debug_macro   0x00000d34       0x52 ./08_Source/isr.o
 .debug_macro   0x00000d86       0x16 ./08_Source/isr.o
 .debug_macro   0x00000d9c       0x43 ./08_Source/isr.o
 .debug_macro   0x00000ddf      0x180 ./08_Source/isr.o
 .debug_macro   0x00000f5f       0x10 ./08_Source/isr.o
 .debug_macro   0x00000f6f       0x22 ./08_Source/isr.o
 .debug_macro   0x00000f91       0xbd ./08_Source/isr.o
 .debug_macro   0x0000104e       0x16 ./08_Source/isr.o
 .debug_macro   0x00001064      0x16c ./08_Source/isr.o
 .debug_macro   0x000011d0      0x2a6 ./08_Source/isr.o
 .debug_macro   0x00001476       0x10 ./08_Source/isr.o
 .debug_macro   0x00001486       0x35 ./08_Source/isr.o
 .debug_macro   0x000014bb       0x1f ./08_Source/isr.o
 .debug_macro   0x000014da       0x16 ./08_Source/isr.o
 .debug_macro   0x000014f0      0x20f ./08_Source/isr.o
 .debug_macro   0x000016ff       0x3a ./08_Source/isr.o
 .debug_macro   0x00001739       0x3a ./08_Source/isr.o
 .debug_macro   0x00001773       0x26 ./08_Source/isr.o
 .debug_macro   0x00001799      0x306 ./08_Source/isr.o
 .debug_macro   0x00001a9f       0x10 ./08_Source/isr.o
 .debug_macro   0x00001aaf     0x839f ./08_Source/isr.o
 .debug_macro   0x00009e4e       0x2e ./08_Source/isr.o
 .debug_macro   0x00009e7c       0x2e ./08_Source/isr.o
 .debug_macro   0x00009eaa       0x9a ./08_Source/isr.o
 .debug_macro   0x00009f44       0x52 ./08_Source/isr.o
 .debug_macro   0x00009f96       0x28 ./08_Source/isr.o
 .debug_macro   0x00009fbe       0x46 ./08_Source/isr.o
 .debug_macro   0x0000a004       0x28 ./08_Source/isr.o
 .debug_macro   0x0000a02c       0xa6 ./08_Source/isr.o
 .debug_macro   0x0000a0d2       0x94 ./08_Source/isr.o
 .debug_macro   0x0000a166      0x203 ./08_Source/main.o
 .debug_macro   0x0000a369      0x203 ./07_Soft_Component/gprs/gprs.o
 .debug_macro   0x0000a56c       0xb2 ./06_App_Component/light/light.o
 .debug_macro   0x0000a61e       0x44 ./06_App_Component/light/light.o
 .debug_macro   0x0000a662      0x209 ./06_App_Component/light/light.o
 .debug_macro   0x0000a86b       0x22 ./06_App_Component/light/light.o
 .debug_macro   0x0000a88d       0xad ./06_App_Component/delay/delay.o
 .debug_macro   0x0000a93a      0x110 ./06_App_Component/OLED/OLED.o
 .debug_macro   0x0000aa4a       0x4c ./06_App_Component/OLED/OLED.o
 .debug_macro   0x0000aa96       0x22 ./06_App_Component/OLED/OLED.o
 .debug_macro   0x0000aab8       0xbc ./06_App_Component/DS18B20/DS18B20.o
 .debug_macro   0x0000ab74       0xa9 ./05_Driver/uart/uart.o
 .debug_macro   0x0000ac1d       0xb2 ./05_Driver/tpm/tpm.o
 .debug_macro   0x0000accf       0x8e ./05_Driver/tpm/tpm.o
 .debug_macro   0x0000ad5d       0xa9 ./05_Driver/gpio/gpio.o
 .debug_macro   0x0000ae06       0x7e ./03_MCU/system_MKL25Z4.o
 .debug_macro   0x0000ae84       0x4c ./03_MCU/system_MKL25Z4.o

.debug_line     0x00000000     0x31cd
 .debug_line    0x00000000      0x63a ./08_Source/isr.o
 .debug_line    0x0000063a      0x67f ./08_Source/main.o
 .debug_line    0x00000cb9      0x740 ./07_Soft_Component/gprs/gprs.o
 .debug_line    0x000013f9      0x2be ./06_App_Component/light/light.o
 .debug_line    0x000016b7      0x30d ./06_App_Component/delay/delay.o
 .debug_line    0x000019c4      0x5da ./06_App_Component/OLED/OLED.o
 .debug_line    0x00001f9e      0x387 ./06_App_Component/DS18B20/DS18B20.o
 .debug_line    0x00002325      0x401 ./05_Driver/uart/uart.o
 .debug_line    0x00002726      0x42d ./05_Driver/tpm/tpm.o
 .debug_line    0x00002b53      0x3ac ./05_Driver/gpio/gpio.o
 .debug_line    0x00002eff       0x70 ./03_MCU/startup_MKL25Z4.o
 .debug_line    0x00002f6f      0x25e ./03_MCU/system_MKL25Z4.o

.debug_str      0x00000000    0x3605f
 .debug_str     0x00000000    0x353a1 ./08_Source/isr.o
                              0x3582e (size before relaxing)
 .debug_str     0x000353a1       0xc3 ./08_Source/main.o
                              0x35886 (size before relaxing)
 .debug_str     0x00035464      0x15c ./07_Soft_Component/gprs/gprs.o
                              0x3591e (size before relaxing)
 .debug_str     0x000355c0       0x48 ./06_App_Component/light/light.o
                              0x31edb (size before relaxing)
 .debug_str     0x00035608       0x51 ./06_App_Component/delay/delay.o
                              0x31e9c (size before relaxing)
 .debug_str     0x00035659      0x266 ./06_App_Component/OLED/OLED.o
                              0x3215c (size before relaxing)
 .debug_str     0x000358bf       0xd4 ./06_App_Component/DS18B20/DS18B20.o
                              0x3209c (size before relaxing)
 .debug_str     0x00035993      0x406 ./05_Driver/uart/uart.o
                              0x3223d (size before relaxing)
 .debug_str     0x00035d99      0x18d ./05_Driver/tpm/tpm.o
                              0x3246f (size before relaxing)
 .debug_str     0x00035f26       0xf5 ./05_Driver/gpio/gpio.o
                              0x321f9 (size before relaxing)
 .debug_str     0x0003601b       0x44 ./03_MCU/system_MKL25Z4.o
                              0x31d81 (size before relaxing)

.comment        0x00000000       0x70
 .comment       0x00000000       0x70 ./08_Source/isr.o
                                 0x71 (size before relaxing)
 .comment       0x00000000       0x71 ./08_Source/main.o
 .comment       0x00000000       0x71 ./07_Soft_Component/gprs/gprs.o
 .comment       0x00000000       0x71 ./06_App_Component/light/light.o
 .comment       0x00000000       0x71 ./06_App_Component/delay/delay.o
 .comment       0x00000000       0x71 ./06_App_Component/OLED/OLED.o
 .comment       0x00000000       0x71 ./06_App_Component/DS18B20/DS18B20.o
 .comment       0x00000000       0x71 ./05_Driver/uart/uart.o
 .comment       0x00000000       0x71 ./05_Driver/tpm/tpm.o
 .comment       0x00000000       0x71 ./05_Driver/gpio/gpio.o
 .comment       0x00000000       0x71 ./03_MCU/system_MKL25Z4.o

.debug_frame    0x00000000      0xe58
 .debug_frame   0x00000000       0x8c ./08_Source/isr.o
 .debug_frame   0x0000008c       0xd0 ./08_Source/main.o
 .debug_frame   0x0000015c      0x198 ./07_Soft_Component/gprs/gprs.o
 .debug_frame   0x000002f4       0x70 ./06_App_Component/light/light.o
 .debug_frame   0x00000364       0xb0 ./06_App_Component/delay/delay.o
 .debug_frame   0x00000414      0x1ec ./06_App_Component/OLED/OLED.o
 .debug_frame   0x00000600       0xc8 ./06_App_Component/DS18B20/DS18B20.o
 .debug_frame   0x000006c8      0x190 ./05_Driver/uart/uart.o
 .debug_frame   0x00000858      0x1fc ./05_Driver/tpm/tpm.o
 .debug_frame   0x00000a54      0x1d0 ./05_Driver/gpio/gpio.o
 .debug_frame   0x00000c24       0x30 ./03_MCU/system_MKL25Z4.o
 .debug_frame   0x00000c54       0x20 d:/freescale/kds_3.0.0/toolchain/bin/../lib/gcc/arm-none-eabi/4.8.4/armv6-m\libgcc.a(_udivsi3.o)
 .debug_frame   0x00000c74       0x28 d:/freescale/kds_3.0.0/toolchain/bin/../lib/gcc/arm-none-eabi/4.8.4/armv6-m\libgcc.a(_fixunssfsi.o)
 .debug_frame   0x00000c9c       0x2c d:/freescale/kds_3.0.0/toolchain/bin/../lib/gcc/arm-none-eabi/4.8.4/armv6-m\libgcc.a(eqsf2.o)
 .debug_frame   0x00000cc8       0x30 d:/freescale/kds_3.0.0/toolchain/bin/../lib/gcc/arm-none-eabi/4.8.4/armv6-m\libgcc.a(gesf2.o)
 .debug_frame   0x00000cf8       0x30 d:/freescale/kds_3.0.0/toolchain/bin/../lib/gcc/arm-none-eabi/4.8.4/armv6-m\libgcc.a(lesf2.o)
 .debug_frame   0x00000d28       0x3c d:/freescale/kds_3.0.0/toolchain/bin/../lib/gcc/arm-none-eabi/4.8.4/armv6-m\libgcc.a(mulsf3.o)
 .debug_frame   0x00000d64       0x30 d:/freescale/kds_3.0.0/toolchain/bin/../lib/gcc/arm-none-eabi/4.8.4/armv6-m\libgcc.a(subsf3.o)
 .debug_frame   0x00000d94       0x20 d:/freescale/kds_3.0.0/toolchain/bin/../lib/gcc/arm-none-eabi/4.8.4/armv6-m\libgcc.a(fixsfsi.o)
 .debug_frame   0x00000db4       0x28 d:/freescale/kds_3.0.0/toolchain/bin/../lib/gcc/arm-none-eabi/4.8.4/armv6-m\libgcc.a(floatunsisf.o)
 .debug_frame   0x00000ddc       0x30 d:/freescale/kds_3.0.0/toolchain/bin/../lib/gcc/arm-none-eabi/4.8.4/../../../../arm-none-eabi/lib/armv6-m\libg.a(lib_a-memcpy-stub.o)
 .debug_frame   0x00000e0c       0x20 d:/freescale/kds_3.0.0/toolchain/bin/../lib/gcc/arm-none-eabi/4.8.4/../../../../arm-none-eabi/lib/armv6-m\libg.a(lib_a-strlen.o)
 .debug_frame   0x00000e2c       0x2c d:/freescale/kds_3.0.0/toolchain/bin/../lib/gcc/arm-none-eabi/4.8.4/../../../../arm-none-eabi/lib/armv6-m\libg.a(lib_a-strncmp.o)
